Prepared 35 URLs for host vigilantvoices.com.
Key file: /var/www/vigilantvoices.com/a3f9b2d1-7c48-4e9a-9f6b-2d8c1e4f7a92.txt
Key location: https://vigilantvoices.com/a3f9b2d1-7c48-4e9a-9f6b-2d8c1e4f7a92.txt
DRY RUN URL: https://vigilantvoices.com/
DRY RUN URL: https://vigilantvoices.com/services/services.html
DRY RUN URL: https://vigilantvoices.com/products/product.html
DRY RUN URL: https://vigilantvoices.com/products/compliance-guardian.html
DRY RUN URL: https://vigilantvoices.com/products/authenticity-chain-vault.html
DRY RUN URL: https://vigilantvoices.com/products/adaptive-ai-honeymesh.html
DRY RUN URL: https://vigilantvoices.com/products/policy-compiler-studio.html
DRY RUN URL: https://vigilantvoices.com/products/promptshield-nexus.html
DRY RUN URL: https://vigilantvoices.com/products/vectorpulse-sentinel.html
DRY RUN URL: https://vigilantvoices.com/products/agentchain-commander.html
... and 25 more
Wrote dry-run logs to: /var/www/vigilantvoices.com/scripts/logs/indexnow-submissions.log
Prepared 35 URLs for host vigilantvoices.com.
Key file: /var/www/vigilantvoices.com/a3f9b2d1-7c48-4e9a-9f6b-2d8c1e4f7a92.txt
Key location: https://vigilantvoices.com/a3f9b2d1-7c48-4e9a-9f6b-2d8c1e4f7a92.txt
URL set unchanged from previous successful run; skipping submission.
Submission logs written to: /var/www/vigilantvoices.com/scripts/logs/indexnow-submissions.log
Prepared 35 URLs for host vigilantvoices.com.
Key file: /var/www/vigilantvoices.com/a3f9b2d1-7c48-4e9a-9f6b-2d8c1e4f7a92.txt
Key location: https://vigilantvoices.com/a3f9b2d1-7c48-4e9a-9f6b-2d8c1e4f7a92.txt
URL set unchanged from previous successful run; skipping submission.
Submission logs written to: /var/www/vigilantvoices.com/scripts/logs/indexnow-submissions.log
Prepared 38 URLs for host vigilantvoices.com.
Key file: /var/www/vigilantvoices.com/a3f9b2d1-7c48-4e9a-9f6b-2d8c1e4f7a92.txt
Key location: https://vigilantvoices.com/a3f9b2d1-7c48-4e9a-9f6b-2d8c1e4f7a92.txt
Submitting in 1 batch(es).
Key file is publicly accessible and valid.
Batch 1/1: HTTP 200 - OK: URLs accepted.
Submission logs written to: /var/www/vigilantvoices.com/scripts/logs/indexnow-submissions.log
Prepared 38 URLs for host vigilantvoices.com.
Key file: /var/www/vigilantvoices.com/a3f9b2d1-7c48-4e9a-9f6b-2d8c1e4f7a92.txt
Key location: https://vigilantvoices.com/a3f9b2d1-7c48-4e9a-9f6b-2d8c1e4f7a92.txt
URL set and sitemap unchanged from previous successful run; skipping submission.
Submission logs written to: /var/www/vigilantvoices.com/scripts/logs/indexnow-submissions.log
Prepared 44 URLs for host vigilantvoices.com.
Key file: /var/www/vigilantvoices.com/a3f9b2d1-7c48-4e9a-9f6b-2d8c1e4f7a92.txt
Key location: https://vigilantvoices.com/a3f9b2d1-7c48-4e9a-9f6b-2d8c1e4f7a92.txt
URL set and sitemap unchanged from previous successful run; skipping submission.
Submission logs written to: /var/www/vigilantvoices.com/scripts/logs/indexnow-submissions.log
