Prepared 35 URLs for host modelmesh.cloud.
Key file: /var/www/modelmesh.cloud/4f8a1b2c-9d3e-4a7b-bf6e-7d2c5a91e8f0-1a2b3c4d5e6f7g8h9i0j1k2l3m4n5o6.txt
Key location: https://modelmesh.cloud/4f8a1b2c-9d3e-4a7b-bf6e-7d2c5a91e8f0-1a2b3c4d5e6f7g8h9i0j1k2l3m4n5o6.txt
DRY RUN URL: https://modelmesh.cloud/
DRY RUN URL: https://modelmesh.cloud/services/services.html
DRY RUN URL: https://modelmesh.cloud/products/product.html
DRY RUN URL: https://modelmesh.cloud/products/compliance-guardian.html
DRY RUN URL: https://modelmesh.cloud/products/authenticity-chain-vault.html
DRY RUN URL: https://modelmesh.cloud/products/adaptive-ai-honeymesh.html
DRY RUN URL: https://modelmesh.cloud/products/policy-compiler-studio.html
DRY RUN URL: https://modelmesh.cloud/products/promptshield-nexus.html
DRY RUN URL: https://modelmesh.cloud/products/vectorpulse-sentinel.html
DRY RUN URL: https://modelmesh.cloud/products/agentchain-commander.html
... and 25 more
Wrote dry-run logs to: /var/www/modelmesh.cloud/scripts/logs/indexnow-submissions.log
Prepared 35 URLs for host modelmesh.cloud.
Key file: /var/www/modelmesh.cloud/4f8a1b2c-9d3e-4a7b-bf6e-7d2c5a91e8f0-1a2b3c4d5e6f7g8h9i0j1k2l3m4n5o6.txt
Key location: https://modelmesh.cloud/4f8a1b2c-9d3e-4a7b-bf6e-7d2c5a91e8f0-1a2b3c4d5e6f7g8h9i0j1k2l3m4n5o6.txt
URL set unchanged from previous successful run; skipping submission.
Submission logs written to: /var/www/modelmesh.cloud/scripts/logs/indexnow-submissions.log
Prepared 35 URLs for host modelmesh.cloud.
Key file: /var/www/modelmesh.cloud/4f8a1b2c-9d3e-4a7b-bf6e-7d2c5a91e8f0-1a2b3c4d5e6f7g8h9i0j1k2l3m4n5o6.txt
Key location: https://modelmesh.cloud/4f8a1b2c-9d3e-4a7b-bf6e-7d2c5a91e8f0-1a2b3c4d5e6f7g8h9i0j1k2l3m4n5o6.txt
URL set unchanged from previous successful run; skipping submission.
Submission logs written to: /var/www/modelmesh.cloud/scripts/logs/indexnow-submissions.log
Prepared 38 URLs for host modelmesh.cloud.
Key file: /var/www/modelmesh.cloud/4f8a1b2c-9d3e-4a7b-bf6e-7d2c5a91e8f0-1a2b3c4d5e6f7g8h9i0j1k2l3m4n5o6.txt
Key location: https://modelmesh.cloud/4f8a1b2c-9d3e-4a7b-bf6e-7d2c5a91e8f0-1a2b3c4d5e6f7g8h9i0j1k2l3m4n5o6.txt
Submitting in 1 batch(es).
Key file is publicly accessible and valid.
Batch 1/1: HTTP 200 - OK: URLs accepted.
Submission logs written to: /var/www/modelmesh.cloud/scripts/logs/indexnow-submissions.log
Prepared 38 URLs for host modelmesh.cloud.
Key file: /var/www/modelmesh.cloud/4f8a1b2c-9d3e-4a7b-bf6e-7d2c5a91e8f0-1a2b3c4d5e6f7g8h9i0j1k2l3m4n5o6.txt
Key location: https://modelmesh.cloud/4f8a1b2c-9d3e-4a7b-bf6e-7d2c5a91e8f0-1a2b3c4d5e6f7g8h9i0j1k2l3m4n5o6.txt
URL set and sitemap unchanged from previous successful run; skipping submission.
Submission logs written to: /var/www/modelmesh.cloud/scripts/logs/indexnow-submissions.log
Prepared 44 URLs for host modelmesh.cloud.
Key file: /var/www/modelmesh.cloud/4f8a1b2c-9d3e-4a7b-bf6e-7d2c5a91e8f0-1a2b3c4d5e6f7g8h9i0j1k2l3m4n5o6.txt
Key location: https://modelmesh.cloud/4f8a1b2c-9d3e-4a7b-bf6e-7d2c5a91e8f0-1a2b3c4d5e6f7g8h9i0j1k2l3m4n5o6.txt
URL set and sitemap unchanged from previous successful run; skipping submission.
Submission logs written to: /var/www/modelmesh.cloud/scripts/logs/indexnow-submissions.log
