Prepared 11 URLs for host truenorthinsurancesolutions.com.
Key file: /var/www/truenorthinsurancesolutions.com/b7f2a1d4-9c3e-4a8b-bf6e-7d2c5a91e8f0.txt
Key location: https://truenorthinsurancesolutions.com/b7f2a1d4-9c3e-4a8b-bf6e-7d2c5a91e8f0.txt
DRY RUN URL: https://truenorthinsurancesolutions.com/
DRY RUN URL: https://truenorthinsurancesolutions.com/about.html
DRY RUN URL: https://truenorthinsurancesolutions.com/service.html
DRY RUN URL: https://truenorthinsurancesolutions.com/feature.html
DRY RUN URL: https://truenorthinsurancesolutions.com/medicare.html
DRY RUN URL: https://truenorthinsurancesolutions.com/contact.html
DRY RUN URL: https://truenorthinsurancesolutions.com/randall-scott-avenell.html
DRY RUN URL: https://truenorthinsurancesolutions.com/randall-avenell.html
DRY RUN URL: https://truenorthinsurancesolutions.com/randall-scott-avenell-identity.html
DRY RUN URL: https://truenorthinsurancesolutions.com/robots.txt
... and 1 more
Wrote dry-run logs to: /var/www/truenorthinsurancesolutions.com/scripts/logs/indexnow-submissions.log
Prepared 11 URLs for host truenorthinsurancesolutions.com.
Key file: /var/www/truenorthinsurancesolutions.com/b7f2a1d4-9c3e-4a8b-bf6e-7d2c5a91e8f0.txt
Key location: https://truenorthinsurancesolutions.com/b7f2a1d4-9c3e-4a8b-bf6e-7d2c5a91e8f0.txt
Submitting in 1 batch(es).
Key file is publicly accessible and valid.
Batch 1/1: HTTP 202 - Accepted: received; key validation may still be pending.
Submission logs written to: /var/www/truenorthinsurancesolutions.com/scripts/logs/indexnow-submissions.log

============================================================
1) Key File Reachability
============================================================
Key URL: https://truenorthinsurancesolutions.com/b7f2a1d4-9c3e-4a8b-bf6e-7d2c5a91e8f0.txt
HTTP Status: 200
Key file content preview:
b7f2a1d4-9c3e-4a8b-bf6e-7d2c5a91e8f0

============================================================
2) GET Submission Test (curl)
============================================================
Endpoint: https://api.indexnow.org/indexnow?url=https%3A%2F%2Ftruenorthinsurancesolutions.com%2F&key=b7f2a1d4-9c3e-4a8b-bf6e-7d2c5a91e8f0&keyLocation=https%3A%2F%2Ftruenorthinsurancesolutions.com%2Fb7f2a1d4-9c3e-4a8b-bf6e-7d2c5a91e8f0.txt
HTTP Status: 202
Response body:

============================================================
3) POST Batch Submission Test (curl)
============================================================
HTTP Status: 200
Response body:

============================================================
4) Recent Script Logs
============================================================
Cron log tail (/var/www/truenorthinsurancesolutions.com/scripts/logs/indexnow-cron.log):
Key file content preview:
b7f2a1d4-9c3e-4a8b-bf6e-7d2c5a91e8f0

============================================================
2) GET Submission Test (curl)
============================================================
Endpoint: https://api.indexnow.org/indexnow?url=https%3A%2F%2Ftruenorthinsurancesolutions.com%2F&key=b7f2a1d4-9c3e-4a8b-bf6e-7d2c5a91e8f0&keyLocation=https%3A%2F%2Ftruenorthinsurancesolutions.com%2Fb7f2a1d4-9c3e-4a8b-bf6e-7d2c5a91e8f0.txt
HTTP Status: 202
Response body:

============================================================
3) POST Batch Submission Test (curl)
============================================================
HTTP Status: 200
Response body:

============================================================
4) Recent Script Logs
============================================================
Cron log tail (/var/www/truenorthinsurancesolutions.com/scripts/logs/indexnow-cron.log):

============================================================
5) Structured Submission Summary
============================================================
Total log entries: 21
Submission result counts:
  accepted: 11
  dry-run: 10
HTTP status counts:
  202: 11
  None: 10
Total retry attempts recorded: 0
Last 5 entries:
  2026-04-06T21:28:55.342502+00:00 | 202 | accepted | retries=0 | https://truenorthinsurancesolutions.com/randall-scott-avenell.html
  2026-04-06T21:28:55.342505+00:00 | 202 | accepted | retries=0 | https://truenorthinsurancesolutions.com/randall-avenell.html
  2026-04-06T21:28:55.342508+00:00 | 202 | accepted | retries=0 | https://truenorthinsurancesolutions.com/randall-scott-avenell-identity.html
  2026-04-06T21:28:55.342510+00:00 | 202 | accepted | retries=0 | https://truenorthinsurancesolutions.com/robots.txt
  2026-04-06T21:28:55.342513+00:00 | 202 | accepted | retries=0 | https://truenorthinsurancesolutions.com/sitemap.xml

Done.
Prepared 11 URLs for host truenorthinsurancesolutions.com.
Key file: /var/www/truenorthinsurancesolutions.com/b7f2a1d4-9c3e-4a8b-bf6e-7d2c5a91e8f0.txt
Key location: https://truenorthinsurancesolutions.com/b7f2a1d4-9c3e-4a8b-bf6e-7d2c5a91e8f0.txt
URL set unchanged from previous successful run; skipping submission.
Submission logs written to: /var/www/truenorthinsurancesolutions.com/scripts/logs/indexnow-submissions.log
Prepared 11 URLs for host truenorthinsurancesolutions.com.
Key file: /var/www/truenorthinsurancesolutions.com/b7f2a1d4-9c3e-4a8b-bf6e-7d2c5a91e8f0.txt
Key location: https://truenorthinsurancesolutions.com/b7f2a1d4-9c3e-4a8b-bf6e-7d2c5a91e8f0.txt
URL set unchanged from previous successful run; skipping submission.
Submission logs written to: /var/www/truenorthinsurancesolutions.com/scripts/logs/indexnow-submissions.log
Prepared 11 URLs for host truenorthinsurancesolutions.com.
Key file: /var/www/truenorthinsurancesolutions.com/b7f2a1d4-9c3e-4a8b-bf6e-7d2c5a91e8f0.txt
Key location: https://truenorthinsurancesolutions.com/b7f2a1d4-9c3e-4a8b-bf6e-7d2c5a91e8f0.txt
URL set unchanged from previous successful run; skipping submission.
Submission logs written to: /var/www/truenorthinsurancesolutions.com/scripts/logs/indexnow-submissions.log
Prepared 11 URLs for host truenorthinsurancesolutions.com.
Key file: /var/www/truenorthinsurancesolutions.com/b7f2a1d4-9c3e-4a8b-bf6e-7d2c5a91e8f0.txt
Key location: https://truenorthinsurancesolutions.com/b7f2a1d4-9c3e-4a8b-bf6e-7d2c5a91e8f0.txt
URL set unchanged from previous successful run; skipping submission.
Submission logs written to: /var/www/truenorthinsurancesolutions.com/scripts/logs/indexnow-submissions.log
Prepared 11 URLs for host truenorthinsurancesolutions.com.
Key file: /var/www/truenorthinsurancesolutions.com/b7f2a1d4-9c3e-4a8b-bf6e-7d2c5a91e8f0.txt
Key location: https://truenorthinsurancesolutions.com/b7f2a1d4-9c3e-4a8b-bf6e-7d2c5a91e8f0.txt
URL set unchanged from previous successful run; skipping submission.
Submission logs written to: /var/www/truenorthinsurancesolutions.com/scripts/logs/indexnow-submissions.log
