{"timestamp":"2026-04-06T21:28:54.778712+00:00","url":"https://truenorthinsurancesolutions.com/","host":"truenorthinsurancesolutions.com","method":"POST","http_status":null,"submission_result":"dry-run","retry_attempts":0,"api_key":"b7f2...e8f0","batch_size":11}
{"timestamp":"2026-04-06T21:28:54.778727+00:00","url":"https://truenorthinsurancesolutions.com/about.html","host":"truenorthinsurancesolutions.com","method":"POST","http_status":null,"submission_result":"dry-run","retry_attempts":0,"api_key":"b7f2...e8f0","batch_size":11}
{"timestamp":"2026-04-06T21:28:54.778732+00:00","url":"https://truenorthinsurancesolutions.com/service.html","host":"truenorthinsurancesolutions.com","method":"POST","http_status":null,"submission_result":"dry-run","retry_attempts":0,"api_key":"b7f2...e8f0","batch_size":11}
{"timestamp":"2026-04-06T21:28:54.778735+00:00","url":"https://truenorthinsurancesolutions.com/feature.html","host":"truenorthinsurancesolutions.com","method":"POST","http_status":null,"submission_result":"dry-run","retry_attempts":0,"api_key":"b7f2...e8f0","batch_size":11}
{"timestamp":"2026-04-06T21:28:54.778738+00:00","url":"https://truenorthinsurancesolutions.com/medicare.html","host":"truenorthinsurancesolutions.com","method":"POST","http_status":null,"submission_result":"dry-run","retry_attempts":0,"api_key":"b7f2...e8f0","batch_size":11}
{"timestamp":"2026-04-06T21:28:54.778741+00:00","url":"https://truenorthinsurancesolutions.com/contact.html","host":"truenorthinsurancesolutions.com","method":"POST","http_status":null,"submission_result":"dry-run","retry_attempts":0,"api_key":"b7f2...e8f0","batch_size":11}
{"timestamp":"2026-04-06T21:28:54.778743+00:00","url":"https://truenorthinsurancesolutions.com/randall-scott-avenell.html","host":"truenorthinsurancesolutions.com","method":"POST","http_status":null,"submission_result":"dry-run","retry_attempts":0,"api_key":"b7f2...e8f0","batch_size":11}
{"timestamp":"2026-04-06T21:28:54.778746+00:00","url":"https://truenorthinsurancesolutions.com/randall-avenell.html","host":"truenorthinsurancesolutions.com","method":"POST","http_status":null,"submission_result":"dry-run","retry_attempts":0,"api_key":"b7f2...e8f0","batch_size":11}
{"timestamp":"2026-04-06T21:28:54.778748+00:00","url":"https://truenorthinsurancesolutions.com/randall-scott-avenell-identity.html","host":"truenorthinsurancesolutions.com","method":"POST","http_status":null,"submission_result":"dry-run","retry_attempts":0,"api_key":"b7f2...e8f0","batch_size":11}
{"timestamp":"2026-04-06T21:28:54.778750+00:00","url":"https://truenorthinsurancesolutions.com/robots.txt","host":"truenorthinsurancesolutions.com","method":"POST","http_status":null,"submission_result":"dry-run","retry_attempts":0,"api_key":"b7f2...e8f0","batch_size":11}
{"timestamp":"2026-04-06T21:28:55.342453+00:00","url":"https://truenorthinsurancesolutions.com/","host":"truenorthinsurancesolutions.com","method":"POST","http_status":202,"submission_result":"accepted","retry_attempts":0,"api_key":"b7f2...e8f0","batch_index":1,"batch_size":11,"response_snippet":""}
{"timestamp":"2026-04-06T21:28:55.342478+00:00","url":"https://truenorthinsurancesolutions.com/about.html","host":"truenorthinsurancesolutions.com","method":"POST","http_status":202,"submission_result":"accepted","retry_attempts":0,"api_key":"b7f2...e8f0","batch_index":1,"batch_size":11,"response_snippet":""}
{"timestamp":"2026-04-06T21:28:55.342483+00:00","url":"https://truenorthinsurancesolutions.com/service.html","host":"truenorthinsurancesolutions.com","method":"POST","http_status":202,"submission_result":"accepted","retry_attempts":0,"api_key":"b7f2...e8f0","batch_index":1,"batch_size":11,"response_snippet":""}
{"timestamp":"2026-04-06T21:28:55.342487+00:00","url":"https://truenorthinsurancesolutions.com/feature.html","host":"truenorthinsurancesolutions.com","method":"POST","http_status":202,"submission_result":"accepted","retry_attempts":0,"api_key":"b7f2...e8f0","batch_index":1,"batch_size":11,"response_snippet":""}
{"timestamp":"2026-04-06T21:28:55.342490+00:00","url":"https://truenorthinsurancesolutions.com/medicare.html","host":"truenorthinsurancesolutions.com","method":"POST","http_status":202,"submission_result":"accepted","retry_attempts":0,"api_key":"b7f2...e8f0","batch_index":1,"batch_size":11,"response_snippet":""}
{"timestamp":"2026-04-06T21:28:55.342499+00:00","url":"https://truenorthinsurancesolutions.com/contact.html","host":"truenorthinsurancesolutions.com","method":"POST","http_status":202,"submission_result":"accepted","retry_attempts":0,"api_key":"b7f2...e8f0","batch_index":1,"batch_size":11,"response_snippet":""}
{"timestamp":"2026-04-06T21:28:55.342502+00:00","url":"https://truenorthinsurancesolutions.com/randall-scott-avenell.html","host":"truenorthinsurancesolutions.com","method":"POST","http_status":202,"submission_result":"accepted","retry_attempts":0,"api_key":"b7f2...e8f0","batch_index":1,"batch_size":11,"response_snippet":""}
{"timestamp":"2026-04-06T21:28:55.342505+00:00","url":"https://truenorthinsurancesolutions.com/randall-avenell.html","host":"truenorthinsurancesolutions.com","method":"POST","http_status":202,"submission_result":"accepted","retry_attempts":0,"api_key":"b7f2...e8f0","batch_index":1,"batch_size":11,"response_snippet":""}
{"timestamp":"2026-04-06T21:28:55.342508+00:00","url":"https://truenorthinsurancesolutions.com/randall-scott-avenell-identity.html","host":"truenorthinsurancesolutions.com","method":"POST","http_status":202,"submission_result":"accepted","retry_attempts":0,"api_key":"b7f2...e8f0","batch_index":1,"batch_size":11,"response_snippet":""}
{"timestamp":"2026-04-06T21:28:55.342510+00:00","url":"https://truenorthinsurancesolutions.com/robots.txt","host":"truenorthinsurancesolutions.com","method":"POST","http_status":202,"submission_result":"accepted","retry_attempts":0,"api_key":"b7f2...e8f0","batch_index":1,"batch_size":11,"response_snippet":""}
{"timestamp":"2026-04-06T21:28:55.342513+00:00","url":"https://truenorthinsurancesolutions.com/sitemap.xml","host":"truenorthinsurancesolutions.com","method":"POST","http_status":202,"submission_result":"accepted","retry_attempts":0,"api_key":"b7f2...e8f0","batch_index":1,"batch_size":11,"response_snippet":""}
{"timestamp":"2026-04-06T21:29:57.280212+00:00","url":"https://truenorthinsurancesolutions.com/","host":"truenorthinsurancesolutions.com","method":"POST","http_status":200,"submission_result":"accepted","retry_attempts":0,"api_key":"b7f2...e8f0","batch_index":1,"batch_size":11,"response_snippet":""}
{"timestamp":"2026-04-06T21:29:57.280231+00:00","url":"https://truenorthinsurancesolutions.com/about.html","host":"truenorthinsurancesolutions.com","method":"POST","http_status":200,"submission_result":"accepted","retry_attempts":0,"api_key":"b7f2...e8f0","batch_index":1,"batch_size":11,"response_snippet":""}
{"timestamp":"2026-04-06T21:29:57.280236+00:00","url":"https://truenorthinsurancesolutions.com/service.html","host":"truenorthinsurancesolutions.com","method":"POST","http_status":200,"submission_result":"accepted","retry_attempts":0,"api_key":"b7f2...e8f0","batch_index":1,"batch_size":11,"response_snippet":""}
{"timestamp":"2026-04-06T21:29:57.280238+00:00","url":"https://truenorthinsurancesolutions.com/feature.html","host":"truenorthinsurancesolutions.com","method":"POST","http_status":200,"submission_result":"accepted","retry_attempts":0,"api_key":"b7f2...e8f0","batch_index":1,"batch_size":11,"response_snippet":""}
{"timestamp":"2026-04-06T21:29:57.280241+00:00","url":"https://truenorthinsurancesolutions.com/medicare.html","host":"truenorthinsurancesolutions.com","method":"POST","http_status":200,"submission_result":"accepted","retry_attempts":0,"api_key":"b7f2...e8f0","batch_index":1,"batch_size":11,"response_snippet":""}
{"timestamp":"2026-04-06T21:29:57.280248+00:00","url":"https://truenorthinsurancesolutions.com/contact.html","host":"truenorthinsurancesolutions.com","method":"POST","http_status":200,"submission_result":"accepted","retry_attempts":0,"api_key":"b7f2...e8f0","batch_index":1,"batch_size":11,"response_snippet":""}
{"timestamp":"2026-04-06T21:29:57.280251+00:00","url":"https://truenorthinsurancesolutions.com/randall-scott-avenell.html","host":"truenorthinsurancesolutions.com","method":"POST","http_status":200,"submission_result":"accepted","retry_attempts":0,"api_key":"b7f2...e8f0","batch_index":1,"batch_size":11,"response_snippet":""}
{"timestamp":"2026-04-06T21:29:57.280253+00:00","url":"https://truenorthinsurancesolutions.com/randall-avenell.html","host":"truenorthinsurancesolutions.com","method":"POST","http_status":200,"submission_result":"accepted","retry_attempts":0,"api_key":"b7f2...e8f0","batch_index":1,"batch_size":11,"response_snippet":""}
{"timestamp":"2026-04-06T21:29:57.280256+00:00","url":"https://truenorthinsurancesolutions.com/randall-scott-avenell-identity.html","host":"truenorthinsurancesolutions.com","method":"POST","http_status":200,"submission_result":"accepted","retry_attempts":0,"api_key":"b7f2...e8f0","batch_index":1,"batch_size":11,"response_snippet":""}
{"timestamp":"2026-04-06T21:29:57.280259+00:00","url":"https://truenorthinsurancesolutions.com/robots.txt","host":"truenorthinsurancesolutions.com","method":"POST","http_status":200,"submission_result":"accepted","retry_attempts":0,"api_key":"b7f2...e8f0","batch_index":1,"batch_size":11,"response_snippet":""}
{"timestamp":"2026-04-06T21:29:57.280261+00:00","url":"https://truenorthinsurancesolutions.com/sitemap.xml","host":"truenorthinsurancesolutions.com","method":"POST","http_status":200,"submission_result":"accepted","retry_attempts":0,"api_key":"b7f2...e8f0","batch_index":1,"batch_size":11,"response_snippet":""}
{"timestamp":"2026-04-07T04:37:01.877079+00:00","url":"","host":"truenorthinsurancesolutions.com","method":"POST","http_status":null,"submission_result":"skipped-unchanged","retry_attempts":0,"api_key":"b7f2...e8f0","batch_size":11}
{"timestamp":"2026-04-08T04:37:01.291188+00:00","url":"","host":"truenorthinsurancesolutions.com","method":"POST","http_status":null,"submission_result":"skipped-unchanged","retry_attempts":0,"api_key":"b7f2...e8f0","batch_size":11}
{"timestamp":"2026-04-09T04:37:01.864344+00:00","url":"","host":"truenorthinsurancesolutions.com","method":"POST","http_status":null,"submission_result":"skipped-unchanged","retry_attempts":0,"api_key":"b7f2...e8f0","batch_size":11}
{"timestamp":"2026-04-10T04:37:02.079786+00:00","url":"","host":"truenorthinsurancesolutions.com","method":"POST","http_status":null,"submission_result":"skipped-unchanged","retry_attempts":0,"api_key":"b7f2...e8f0","batch_size":11}
{"timestamp":"2026-04-11T04:37:01.987398+00:00","url":"","host":"truenorthinsurancesolutions.com","method":"POST","http_status":null,"submission_result":"skipped-unchanged","retry_attempts":0,"api_key":"b7f2...e8f0","batch_size":11}
